// Jest Snapshot v1, https://goo.gl/fbAQLP

exports[`ComicCard renders correctly 1`] = `
<h1>
  ERROR!!!
</h1>
`;
