// Jest Snapshot v1, https://goo.gl/fbAQLP

exports[`ComicDetail renders correctly 1`] = `
<div>
  Loading..
</div>
`;
