// Jest Snapshot v1, https://goo.gl/fbAQLP

exports[`HeroSelector renders correctly 1`] = `
<button
  className="sc-hKgILt xorqq"
  onClick={[Function]}
  style={
    Object {
      "backgroundColor": "#f7ba43",
    }
  }
  type="button"
>
  <img
    alt=""
    src=""
  />
</button>
`;
